spf_build_property
memsmove
memscpy
memcpy
memmove
memset
div_s
HAP_debug
HAP_debug_v2
__hexagon_divsi3
__hexagon_udivsi3
__hexagon_memcpy_likely_aligned_min32bytes_mult8bytes
__stack_chk_fail
__stack_chk_guard
vsnprintf
__restore_r16_through_r27_and_deallocframe
__restore_r16_through_r25_and_deallocframe
__save_r16_through_r27
__save_r16_through_r25
err_Fatal_internal0
_Assert
_FSin
_Sin
__hexagon_adddf3
__hexagon_divdf3
__hexagon_divdi3
__hexagon_divsf3
__hexagon_modsi3
__hexagon_muldf3
__hexagon_subdf3
__qdsp_divsi3
__restore_r16_through_r19_and_deallocframe
__save_r16_through_r19
free
malloc
atan2f
exp
floorf
pow
puts
rand
sqrt
sqrtf
memcmp
_Dbl
_Log
__deallocframe
__hexagon_udivdi3
__restore_r27_through_r24_and_deallocframe
__save_r27_through_r24
abs
__hexagon_umodsi3
dspcache_linear_l2fetch
printf
putchar
s32_div_s32_s32_normalized
strlen
_Stderr
_Stdout
snprintf
strlcpy
_ZdlPv
__cxa_pure_virtual
_FLog
_Getpctype
_Getptolower
_Getptoupper
_Stod
_Stoll
__hexagon_moddi3
__wrap_calloc
__wrap_free
__wrap_malloc
__wrap_realloc
asinf
ceilf
exit
floor
mktime
powf
sscanf
strcmp
strdup
strlcat
strncmp
strtol
tan
tanf
fprintf
fwrite
audio_cross_fade_get_mem_req
audio_cross_fade_init_memory
audio_cross_fade_set_param
audio_cross_fade_get_param
audio_cross_fade_process
posal_cache_flush
posal_cache_flush_invalidate
posal_cache_invalidate
posal_channel_add_signal
posal_channel_addq
posal_channel_create
posal_channel_destroy
posal_channel_poll
posal_channel_wait
posal_condvar_broadcast
posal_condvar_create
posal_condvar_destroy
posal_condvar_signal
posal_condvar_wait
posal_data_log_alloc
posal_data_log_alloc_commit
posal_data_log_code_status
posal_data_log_commit
posal_data_log_free
posal_data_log_get_max_buf_size
posal_interrupt_deregister
posal_interrupt_register
posal_interrupt_workloop
posal_is_memory_in_tcm
posal_island_get_island_status
posal_island_trigger_island_exit
posal_memcpy
posal_memory_aligned_free
posal_memory_aligned_malloc
posal_memory_free
posal_memory_malloc
posal_memory_stats_init
posal_memorymap_get_mapping_mode
posal_memorymap_get_mem_region_attrib_from_shmm_handle
posal_memorymap_get_physical_addr
posal_memorymap_get_shmm_handle_and_offset_from_va_offset_map
posal_memorymap_get_virtual_addr_from_shm_handle
posal_memorymap_global_unmap_all
posal_memorymap_register
posal_memorymap_shm_decr_refcount
posal_memorymap_shm_incr_refcount
posal_memorymap_shm_mem_map
posal_memorymap_shm_mem_unmap
posal_memorymap_unmap_all
posal_memorymap_unregister
posal_memorymap_util_region_delete
posal_memorymap_virtaddr_mem_map
posal_memset
posal_mutex_create
posal_mutex_destroy
posal_mutex_lock
posal_mutex_try_lock
posal_mutex_unlock
posal_nmutex_create
posal_nmutex_destroy
posal_nmutex_lock
posal_nmutex_try_lock
posal_nmutex_unlock
posal_power_mgr_deregister
posal_power_mgr_is_registered
posal_power_mgr_register
posal_power_mgr_release
posal_power_mgr_release_max_out
posal_power_mgr_request
posal_power_mgr_request_max_out
posal_queue_create_v1
posal_queue_deinit
posal_queue_destroy
posal_queue_disable
posal_queue_get_channel
posal_queue_get_channel_bit
posal_queue_init
posal_queue_peek_front
posal_queue_poll
posal_queue_pool_destroy
posal_queue_pool_reset
posal_queue_pool_setup
posal_queue_pop_back
posal_queue_pop_front
posal_queue_push_back
posal_queue_set_attributes
posal_signal_clear
posal_signal_create
posal_signal_destroy
posal_signal_get_channel
posal_signal_get_channel_bit
posal_signal_is_set
posal_signal_send
posal_snprintf
posal_strlcpy
posal_strncmp
posal_strnlen
posal_tcm_island_heap_mgr_free
posal_tcm_island_heap_mgr_init
posal_tcm_island_heap_mgr_malloc
posal_tcm_island_heap_mgr_supported
posal_thread_calc_prio
posal_thread_get_curr_tid
posal_thread_get_floor_prio
posal_thread_get_name
posal_thread_get_tid
posal_thread_join
posal_thread_launch
posal_thread_prio_get
posal_thread_set_prio
posal_timer_create
posal_timer_destroy
posal_timer_get_duration
posal_timer_get_time
posal_timer_get_time_in_msec
posal_timer_oneshot_cancel
posal_timer_oneshot_start_absolute
posal_timer_oneshot_start_duration
posal_timer_periodic_start
posal_timer_sleep
pick_config_or_input
pick_if_not_unset
pcm_to_capi_interleaved_with_native
capi_cmn_set_basic_properties
capi_cmn_get_basic_properties
capi_cmn_gapless_remove_zeroes
capi_cmn_update_hw_acc_proc_delay_event
capi_cmn_update_algo_delay_event
capi_cmn_update_kpps_event
capi_cmn_update_bandwidth_event
capi_cmn_update_process_check_event
capi_cmn_update_port_data_threshold_event
capi_cmn_handle_get_port_threshold
capi_cmn_output_media_fmt_event_v2
capi_cmn_init_media_fmt_v2
capi_cmn_handle_get_output_media_fmt_v2
capi_cmn_validate_client_pcm_media_format
capi_cmn_validate_client_pcm_output_cfg
capi_cmn_media_fmt_equal
capi_cmn_ctrl_port_list_init
capi_cmn_ctrl_port_list_deinit
capi_cmn_ctrl_port_list_get_next_port_id
capi_cmn_ctrl_port_operation_handler
capi_cmn_raise_island_vote_event
capi_cmn_check_payload_validation
capi_cmn_check_v2_channel_mask_duplication
capi_cmn_raise_deinterleaved_unpacked_v2_supported_event
capi_library_internal_buffer_create
capi_library_internal_buffer_destroy
capi_library_internal_buffer_exists
capi_library_internal_buffer_set_media_fmt
capi_library_internal_buffer_set_frame_size_us
capi_library_internal_buffer_set_frame_size_samples
capi_library_internal_buffer_flush
capi_library_internal_buffer_zero_fill
capi_library_internal_buffer_read
capi_library_internal_buffer_write
aHammingTableL16Q13
listenLib_realft
exp_compute
sqrt_compute
divide_int32
FeatureExtraction_init
FeatureExtraction_getTotalBufferSize
FeatureExtraction_reinit
sva_model_decoder
FeatureExtraction_extract_feature
FeatureExtraction_first_cepstrum_ready
capi_cmn_output_media_fmt_event_v1
exp10_fixed
capi_cmn_imcl_register_for_recurring_bufs
capi_cmn_imcl_get_recurring_buf
capi_cmn_imcl_get_one_time_buf
capi_cmn_imcl_send_to_peer
capi_cmn_imcl_return_to_fwk
capi_cmn_ctrl_port_list_get_next_port_data
capi_cmn_raw_output_media_fmt_event
xx_mm_log_msg
ar_log
posal_data_log_alloc
posal_data_log_commit
posal_data_log_free
hw_af_open
hw_af_close
hw_af_process
hw_af_fetch
th_pool_create
th_pool_destroy
th_pool_push_task
th_pool_default_cb_create
th_pool_set_num_tasks_to_wait
th_pool_wait_for_task_complete
th_pool_default_cb_fn
th_pool_default_cb_destroy
sns_utils_init
sns_utils_register
sns_utils_get_holding_pattern
sns_utils_poll_and_get_requested_events
sns_utils_deregister
sns_utils_destroy
eai_util_create
eai_util_destroy
capi_cmn_dec_update_buffer_end_md
capi_cmn_dec_handle_metadata
spf_list_move_node_to_another_list
gemm_util_register
gemm_util_op_init
gemm_util_op_init_complete
gemm_util_apply
gemm_util_enpu_power_vote
gemm_util_op_process
gemm_util_op_deinit
gemm_util_deregister
L_shift_r
c32_complex_s16_s16
audio_log_compute
divide_qx
spf_mem_island_heap_id
sns_utils_get_motion_detection_state
sns_utils_get_std_sensor_stream_state
posal_mutex_create
posal_mutex_destroy
posal_mutex_lock
posal_mutex_unlock
baudot_to_dit
tty_norm_l
tty_norm_s
init_get_tty_bit
get_tty_state
init_tty_gen
tty_dec
convertTTYcode2char
tty_rate
tty_header_in
init_tty_enc
dit_to_ascii
tty_L_shift_r
tty_gen
tty_shift_r
FlushBuffer
get_tty_char
get_tty_bit
init_tty_dec
tty_continuous_phase_tone_gen
tty_header_out
tty_enc
tty_divide_s
tty_dec_header_in
init_dit_to_ascii
tty_inband_filter
qurt_signal2_clear
qurt_signal2_set
qurt_signal2_get
qurt_signal2_init
qurt_signal2_destroy
qurt_signal2_wait
HwdDevCfg_GetVirtAddress
posal_private_get_island_heap_id_v2
HwdDevCfg_DestoryVirtAddress