hexagon_sim_read_pcycles
printf
__hexagon_subdf3
strlcpy
floor
__hexagon_muldf3
__hexagon_adddf3
HAP_cx_free
HAP_cx_malloc
__register_frame_info_bases
__hexagon_divdf3
fprintf
ar_logs_debugmsg_lowest_prio
fwrite
_Stderr
memmove
_Stdout
malloc
free
fputc
fopen
fclose
clock
ferror
fflush
floorf
fread
fseek
ftell
snprintf
vprintf
fgets
calloc
ar_dbg_log
ar_timer_get_time_in_ms
posal_data_log_alloc
posal_data_log_commit
posal_data_log_free
hw_af_open
hw_af_close
hw_af_process
hw_af_fetch
th_pool_create
th_pool_destroy
th_pool_push_task
th_pool_default_cb_create
th_pool_set_num_tasks_to_wait
th_pool_wait_for_task_complete
th_pool_default_cb_fn
th_pool_default_cb_destroy
sns_utils_init
sns_utils_register
sns_utils_get_holding_pattern
sns_utils_deregister
sns_utils_destroy
eai_util_create
eai_util_destroy
capi_cmn_dec_update_buffer_end_md
capi_cmn_dec_handle_metadata
spf_list_move_node_to_another_list
baudot_to_dit
tty_norm_l
tty_norm_s
init_get_tty_bit
get_tty_state
init_tty_gen
tty_dec
convertTTYcode2char
tty_rate
tty_header_in
init_tty_enc
dit_to_ascii
tty_L_shift_r
tty_gen
tty_shift_r
FlushBuffer
get_tty_char
get_tty_bit
init_tty_dec
tty_continuous_phase_tone_gen
tty_header_out
tty_enc
tty_divide_s
tty_dec_header_in
init_dit_to_ascii
tty_inband_filter
posal_private_get_island_heap_id_v2
capi_cmn_update_hw_acc_proc_delay_event
capi_cmn_check_payload_validation
capi_cmn_check_v2_channel_mask_duplication